
2026-05-10 13:40:18,908 [ERROR] application.email.email_sender - [1/25] ERRO → victor-miller@hotmail.com
Traceback (most recent call last):
  File "G:\.shortcut-targets-by-id\1NsBCziGNFjlQ-f8QRcezPsKVP9QzGdp0\APPs\atrpt\application\email\email_sender.py", line 322, in send_batch
    self.smtp.send(mime, recipients)
  File "G:\.shortcut-targets-by-id\1NsBCziGNFjlQ-f8QRcezPsKVP9QzGdp0\APPs\atrpt\infrastructure\email\smtp_client.py", line 108, in send
    self._smtp.send_message(mime, to_addrs=recipients)
  File "C:\Users\Utilizador\AppData\Local\Programs\Python\Python311\Lib\smtplib.py", line 986, in send_message
    return self.sendmail(from_addr, to_addrs, flatmsg, mail_options,
           ^^^^^^^^^^^^^^^^^^^^^^^^^^^^^^^^^^^^^^^^^^^^^^^^^^^^^^^^^
  File "C:\Users\Utilizador\AppData\Local\Programs\Python\Python311\Lib\smtplib.py", line 908, in sendmail
    raise SMTPDataError(code, resp)
smtplib.SMTPDataError: (550, b'5.2.0 M3SBwgKlFmakW Spam Rejected')
2026-05-10 13:40:23,610 [ERROR] application.email.email_sender - [2/25] ERRO → dfb_diana@hotmail.com
Traceback (most recent call last):
  File "G:\.shortcut-targets-by-id\1NsBCziGNFjlQ-f8QRcezPsKVP9QzGdp0\APPs\atrpt\application\email\email_sender.py", line 322, in send_batch
    self.smtp.send(mime, recipients)
  File "G:\.shortcut-targets-by-id\1NsBCziGNFjlQ-f8QRcezPsKVP9QzGdp0\APPs\atrpt\infrastructure\email\smtp_client.py", line 108, in send
    self._smtp.send_message(mime, to_addrs=recipients)
  File "C:\Users\Utilizador\AppData\Local\Programs\Python\Python311\Lib\smtplib.py", line 986, in send_message
    return self.sendmail(from_addr, to_addrs, flatmsg, mail_options,
           ^^^^^^^^^^^^^^^^^^^^^^^^^^^^^^^^^^^^^^^^^^^^^^^^^^^^^^^^^
  File "C:\Users\Utilizador\AppData\Local\Programs\Python\Python311\Lib\smtplib.py", line 908, in sendmail
    raise SMTPDataError(code, resp)
smtplib.SMTPDataError: (550, b'5.2.0 M3SGwpPkmSMHl Spam Rejected')
2026-05-10 13:40:29,954 [ERROR] application.email.email_sender - [3/25] ERRO → paul0.mendes@hotmail.com
Traceback (most recent call last):
  File "G:\.shortcut-targets-by-id\1NsBCziGNFjlQ-f8QRcezPsKVP9QzGdp0\APPs\atrpt\application\email\email_sender.py", line 322, in send_batch
    self.smtp.send(mime, recipients)
  File "G:\.shortcut-targets-by-id\1NsBCziGNFjlQ-f8QRcezPsKVP9QzGdp0\APPs\atrpt\infrastructure\email\smtp_client.py", line 108, in send
    self._smtp.send_message(mime, to_addrs=recipients)
  File "C:\Users\Utilizador\AppData\Local\Programs\Python\Python311\Lib\smtplib.py", line 986, in send_message
    return self.sendmail(from_addr, to_addrs, flatmsg, mail_options,
           ^^^^^^^^^^^^^^^^^^^^^^^^^^^^^^^^^^^^^^^^^^^^^^^^^^^^^^^^^
  File "C:\Users\Utilizador\AppData\Local\Programs\Python\Python311\Lib\smtplib.py", line 908, in sendmail
    raise SMTPDataError(code, resp)
smtplib.SMTPDataError: (550, b'5.2.0 M3SMwgmuhdK1E Spam Rejected')
2026-05-10 13:40:36,432 [ERROR] application.email.email_sender - [4/25] ERRO → jaime_paula@hotmail.com
Traceback (most recent call last):
  File "G:\.shortcut-targets-by-id\1NsBCziGNFjlQ-f8QRcezPsKVP9QzGdp0\APPs\atrpt\application\email\email_sender.py", line 322, in send_batch
    self.smtp.send(mime, recipients)
  File "G:\.shortcut-targets-by-id\1NsBCziGNFjlQ-f8QRcezPsKVP9QzGdp0\APPs\atrpt\infrastructure\email\smtp_client.py", line 108, in send
    self._smtp.send_message(mime, to_addrs=recipients)
  File "C:\Users\Utilizador\AppData\Local\Programs\Python\Python311\Lib\smtplib.py", line 986, in send_message
    return self.sendmail(from_addr, to_addrs, flatmsg, mail_options,
           ^^^^^^^^^^^^^^^^^^^^^^^^^^^^^^^^^^^^^^^^^^^^^^^^^^^^^^^^^
  File "C:\Users\Utilizador\AppData\Local\Programs\Python\Python311\Lib\smtplib.py", line 908, in sendmail
    raise SMTPDataError(code, resp)
smtplib.SMTPDataError: (550, b'5.2.0 M3SSwgL2cmakW Spam Rejected')
2026-05-10 13:40:45,978 [ERROR] application.email.email_sender - [6/25] ERRO → Jose.a.leocadio@hotmail.com
Traceback (most recent call last):
  File "G:\.shortcut-targets-by-id\1NsBCziGNFjlQ-f8QRcezPsKVP9QzGdp0\APPs\atrpt\application\email\email_sender.py", line 322, in send_batch
    self.smtp.send(mime, recipients)
  File "G:\.shortcut-targets-by-id\1NsBCziGNFjlQ-f8QRcezPsKVP9QzGdp0\APPs\atrpt\infrastructure\email\smtp_client.py", line 108, in send
    self._smtp.send_message(mime, to_addrs=recipients)
  File "C:\Users\Utilizador\AppData\Local\Programs\Python\Python311\Lib\smtplib.py", line 986, in send_message
    return self.sendmail(from_addr, to_addrs, flatmsg, mail_options,
           ^^^^^^^^^^^^^^^^^^^^^^^^^^^^^^^^^^^^^^^^^^^^^^^^^^^^^^^^^
  File "C:\Users\Utilizador\AppData\Local\Programs\Python\Python311\Lib\smtplib.py", line 908, in sendmail
    raise SMTPDataError(code, resp)
smtplib.SMTPDataError: (550, b'5.2.0 M3SYw8jL1UbIP Spam Rejected')
