2026-05-11 10:52:09,207 [INFO] root - Débitos Diretos
Ficheiro produzido:

G:\.shortcut-targets-by-id\1Qr9fyP5j561vVIXw8b6mKJvgTyhTQF14\Secretaria\Movimentos\debito_direto.txt
2026-05-11 19:11:18,060 [INFO] EnviarFaturasPimUseCase - Enviando 25 emails pendentes
2026-05-11 19:11:18,251 [INFO] application.email.email_sender - LOTE 1/1 — 25 emails
2026-05-11 19:11:18,636 [INFO] application.email.email_sender - SMTP conectado para lote 1
2026-05-11 19:11:19,420 [INFO] application.email.email_sender - [1/25] OK → victor-miller@hotmail.com
2026-05-11 19:11:24,409 [INFO] application.email.email_sender - [2/25] OK → dfb_diana@hotmail.com
2026-05-11 19:11:30,603 [INFO] application.email.email_sender - [3/25] OK → paul0.mendes@hotmail.com
2026-05-11 19:11:35,059 [INFO] application.email.email_sender - [4/25] OK → jaime_paula@hotmail.com
2026-05-11 19:11:39,423 [INFO] application.email.email_sender - [5/25] OK → alinamanuelamartins@gmail.com
2026-05-11 19:11:44,979 [INFO] application.email.email_sender - [6/25] OK → Jose.a.leocadio@hotmail.com
2026-05-11 19:11:48,759 [INFO] application.email.email_sender - [7/25] OK → isabelcarvalho.pessoal@gmail.com
2026-05-11 19:11:54,083 [INFO] application.email.email_sender - [8/25] OK → ze.luis.araujo@gmail.com
2026-05-11 19:11:58,489 [INFO] application.email.email_sender - [9/25] OK → luissviseu@sapo.pt
2026-05-11 19:12:03,418 [INFO] application.email.email_sender - [10/25] OK → madalena_henriques@hotmail.com
2026-05-11 19:12:07,160 [INFO] application.email.email_sender - [11/25] OK → lena__mag@hotmail.com
2026-05-11 19:12:13,351 [INFO] application.email.email_sender - [12/25] OK → luisfrsilva@icloud.com
2026-05-11 19:12:19,287 [INFO] application.email.email_sender - [13/25] OK → macedoandreia1001@gmail.com
2026-05-11 19:12:22,999 [INFO] application.email.email_sender - [14/25] OK → fernandoseabraalmeida@gmail.com
2026-05-11 19:12:26,633 [INFO] application.email.email_sender - [15/25] OK → anacbatista65@gmail.com
2026-05-11 19:12:31,447 [INFO] application.email.email_sender - [16/25] OK → lilianamaldonadoribeiro@gmail.com
2026-05-11 19:12:35,433 [INFO] application.email.email_sender - [17/25] OK → anasofiamarques222@gmail.com
2026-05-11 19:12:40,504 [INFO] application.email.email_sender - [18/25] OK → ajmribeiro2@gmail.com
2026-05-11 19:12:44,967 [INFO] application.email.email_sender - [19/25] OK → matosivone82@gmail.com
2026-05-11 19:12:48,913 [INFO] application.email.email_sender - [20/25] OK → paulampmoura@gmail.com
2026-05-11 19:12:53,988 [INFO] application.email.email_sender - [21/25] OK → margaridaofmaia@gmail.com
2026-05-11 19:12:59,474 [INFO] application.email.email_sender - [22/25] OK → moliveiranunes@sapo.pt
2026-05-11 19:13:03,926 [INFO] application.email.email_sender - [23/25] OK → rjrtavares@gmail.com
2026-05-11 19:13:09,267 [INFO] application.email.email_sender - [24/25] OK → flopes000@gmail.com
2026-05-11 19:13:14,713 [INFO] application.email.email_sender - [25/25] OK → fernandoapinto@gmail.com
2026-05-11 19:13:20,031 [INFO] application.email.email_sender - SMTP desconectado após lote 1
2026-05-11 19:13:20,176 [INFO] application.email.email_sender - 💾 Guardado (lote 1)
2026-05-11 19:13:20,199 [INFO] application.email.email_sender - Envio concluído. OK: 25 | ERRO: 0
2026-05-11 19:13:20,338 [INFO] application.email.email_sender - 💾 Guardado (final)
2026-05-11 19:13:20,345 [INFO] EnviarFaturasPimUseCase - Envio concluído → OK: 25 | ERROS: 0
2026-05-12 10:27:18,884 [INFO] application.secretaria.tesouraria_service - ✅ Inflow atualizado: 3393 → 3414 registos
2026-05-12 10:27:20,547 [INFO] root - Foram encontrados 21 novos movimentos.
2026-05-12 10:27:20,547 [INFO] root - Concluído
Movimentos aplicados. Recibos preparados para envio posterior.
2026-05-12 10:34:29,105 [INFO] application.email.email_sender - LOTE 1/1 — 7 emails
2026-05-12 10:34:30,226 [INFO] application.email.email_sender - SMTP conectado para lote 1
2026-05-12 10:34:30,594 [INFO] application.email.email_sender - [1/7] OK → alexandrecoimbra@sapo.pt
2026-05-12 10:34:33,890 [INFO] application.email.email_sender - [2/7] OK → ruitelmobelo@gmail.com
2026-05-12 10:34:39,047 [INFO] application.email.email_sender - [3/7] OK → pedroveiga1983@gmail.com
2026-05-12 10:34:46,850 [INFO] application.email.email_sender - [4/7] OK → downlord@sapo.pt
2026-05-12 10:34:54,282 [INFO] application.email.email_sender - [5/7] OK → albertonunes80@gmail.com
2026-05-12 10:35:01,855 [INFO] application.email.email_sender - [6/7] OK → alinamanuelamartins@gmail.com
2026-05-12 10:35:08,902 [INFO] application.email.email_sender - [7/7] OK → valentim.couto@netcabo.pt
2026-05-12 10:35:12,972 [INFO] application.email.email_sender - SMTP desconectado após lote 1
2026-05-12 10:35:12,972 [INFO] application.email.email_sender - Envio concluído. OK: 7 | ERRO: 0
2026-05-12 10:35:13,109 [INFO] root - Envio concluído: 7 recibos enviados com sucesso.
2026-05-12 21:50:51,307 [INFO] application.secretaria.atualizar_residentes_cc_usecase - residentes_cc atualizado: 91 registos | sem_pim=20 | sem_quota=66
2026-05-12 23:52:21,743 [INFO] root - Módulo de saldos - a implementar
2026-05-12 23:52:25,740 [INFO] root - Módulo de saldos - a implementar
2026-05-12 23:52:46,191 [INFO] root - Informação
Sem novos movimentos.
2026-05-13 05:03:42,028 [WARNING] application.secretaria.atualizar_residentes_cc_usecase - quotas: esperadas ≥ 12 colunas, encontradas 8
2026-05-13 05:03:42,107 [INFO] application.secretaria.atualizar_residentes_cc_usecase - residentes_cc atualizado: 91 registos | sem_pim=20 | sem_quota=91
2026-05-13 05:13:16,177 [WARNING] application.secretaria.atualizar_residentes_cc_usecase - quotas: esperadas ≥ 12 colunas, encontradas 8
2026-05-13 05:13:16,227 [INFO] application.secretaria.atualizar_residentes_cc_usecase - residentes_cc atualizado: 91 registos | sem_pim=20 | sem_quota=91
2026-05-13 05:13:16,244 [INFO] presentation.secretaria.secretaria_controller - CC actualizado: 91 registo(s) | sem_pim=20 | sem_quota=91
2026-05-13 05:32:58,439 [WARNING] application.secretaria.atualizar_residentes_cc_usecase - Erro ao ler pim_historico: Execution failed on sql '
    SELECT numero_residente,
           atual     AS pim,
           anterior,
           saldo
    FROM pim_historico
    WHERE (ano * 100 + mes) = (
        SELECT MAX(p2.ano * 100 + p2.mes)
        FROM pim_historico p2
        WHERE p2.numero_residente = pim_historico.numero_residente
    )
': no such column: anterior
2026-05-13 05:32:58,655 [WARNING] application.secretaria.atualizar_residentes_cc_usecase - quotas: esperadas ≥ 12 colunas, encontradas 8
2026-05-13 05:32:58,727 [INFO] application.secretaria.atualizar_residentes_cc_usecase - residentes_cc atualizado: 91 registos | sem_pim=91 | sem_quota=91
2026-05-13 05:32:58,738 [INFO] presentation.secretaria.secretaria_controller - CC actualizado: 91 registo(s) | sem_pim=91 | sem_quota=91
2026-05-13 10:23:19,011 [WARNING] application.secretaria.atualizar_residentes_cc_usecase - Erro ao ler pim_historico: Execution failed on sql '
    SELECT numero_residente,
           atual     AS pim,
           anterior,
           saldo
    FROM pim_historico
    WHERE (ano * 100 + mes) = (
        SELECT MAX(p2.ano * 100 + p2.mes)
        FROM pim_historico p2
        WHERE p2.numero_residente = pim_historico.numero_residente
    )
': no such column: anterior
2026-05-13 10:23:19,215 [WARNING] application.secretaria.atualizar_residentes_cc_usecase - quotas: esperadas ≥ 12 colunas, encontradas 8
2026-05-13 10:23:19,295 [INFO] application.secretaria.atualizar_residentes_cc_usecase - residentes_cc atualizado: 91 registos | sem_pim=91 | sem_quota=91
2026-05-13 10:23:19,298 [INFO] presentation.secretaria.secretaria_controller - CC actualizado: 91 registo(s) | sem_pim=91 | sem_quota=91
2026-05-13 10:52:58,221 [WARNING] application.secretaria.atualizar_residentes_cc_usecase - Erro ao ler pim_historico: Execution failed on sql '
    SELECT numero_residente,
           atual     AS pim,
           anterior,
           saldo
    FROM pim_historico
    WHERE (ano * 100 + mes) = (
        SELECT MAX(p2.ano * 100 + p2.mes)
        FROM pim_historico p2
        WHERE p2.numero_residente = pim_historico.numero_residente
    )
': no such column: anterior
2026-05-13 10:52:58,397 [WARNING] application.secretaria.atualizar_residentes_cc_usecase - quotas: esperadas ≥ 12 colunas, encontradas 8
2026-05-13 10:52:58,477 [INFO] application.secretaria.atualizar_residentes_cc_usecase - residentes_cc atualizado: 91 registos | sem_pim=91 | sem_quota=91
2026-05-13 10:52:58,479 [INFO] presentation.secretaria.secretaria_controller - CC actualizado: 91 registo(s) | sem_pim=91 | sem_quota=91
2026-05-13 10:56:42,753 [WARNING] application.secretaria.atualizar_residentes_cc_usecase - Erro ao ler pim_historico: Execution failed on sql '
    SELECT numero_residente,
           atual     AS pim,
           anterior,
           saldo
    FROM pim_historico
    WHERE (ano * 100 + mes) = (
        SELECT MAX(p2.ano * 100 + p2.mes)
        FROM pim_historico p2
        WHERE p2.numero_residente = pim_historico.numero_residente
    )
': no such column: anterior
2026-05-13 10:56:42,912 [WARNING] application.secretaria.atualizar_residentes_cc_usecase - quotas: esperadas ≥ 12 colunas, encontradas 8
2026-05-13 10:56:42,978 [INFO] application.secretaria.atualizar_residentes_cc_usecase - residentes_cc atualizado: 91 registos | sem_pim=91 | sem_quota=91
2026-05-13 10:56:42,993 [INFO] presentation.secretaria.secretaria_controller - CC actualizado: 91 registo(s) | sem_pim=91 | sem_quota=91
2026-05-13 11:19:54,266 [WARNING] application.secretaria.atualizar_residentes_cc_usecase - Erro ao ler pim_historico: Execution failed on sql '
    SELECT numero_residente,
           atual     AS pim,
           anterior,
           saldo
    FROM pim_historico
    WHERE (ano * 100 + mes) = (
        SELECT MAX(p2.ano * 100 + p2.mes)
        FROM pim_historico p2
        WHERE p2.numero_residente = pim_historico.numero_residente
    )
': no such column: anterior
2026-05-13 11:19:54,415 [WARNING] application.secretaria.atualizar_residentes_cc_usecase - quotas: esperadas ≥ 12 colunas, encontradas 8
2026-05-13 11:19:54,477 [INFO] application.secretaria.atualizar_residentes_cc_usecase - residentes_cc atualizado: 91 registos | sem_pim=91 | sem_quota=91
2026-05-13 11:19:54,480 [INFO] presentation.secretaria.secretaria_controller - CC actualizado: 91 registo(s) | sem_pim=91 | sem_quota=91
2026-05-13 11:38:07,698 [INFO] application.secretaria.tesouraria_service - ✅ Inflow atualizado: 3414 → 3416 registos
2026-05-13 11:38:09,253 [INFO] root - Foram encontrados 2 novos movimentos.
2026-05-13 11:38:09,255 [INFO] root - Concluído
Movimentos aplicados. Recibos preparados para envio posterior.
2026-05-13 11:39:39,930 [INFO] application.email.email_sender - LOTE 1/1 — 2 emails
2026-05-13 11:39:40,539 [INFO] application.email.email_sender - SMTP conectado para lote 1
2026-05-13 11:39:40,910 [INFO] application.email.email_sender - [1/2] OK → paul0.mendes@hotmail.com
2026-05-13 11:39:50,108 [INFO] application.email.email_sender - [2/2] OK → isabel.marinho@jcassociados.pt
2026-05-13 11:39:59,067 [INFO] application.email.email_sender - SMTP desconectado após lote 1
2026-05-13 11:39:59,067 [INFO] application.email.email_sender - Envio concluído. OK: 2 | ERRO: 0
2026-05-13 11:39:59,238 [INFO] root - Envio concluído: 2 recibos enviados com sucesso.
2026-05-14 08:28:56,505 [WARNING] application.secretaria.atualizar_residentes_cc_usecase - quotas: esperadas ≥ 12 colunas, encontradas 8
2026-05-14 08:28:56,569 [INFO] application.secretaria.atualizar_residentes_cc_usecase - residentes_cc atualizado: 91 registos | sem_pim=20 | sem_quota=91
2026-05-14 08:28:56,569 [INFO] presentation.secretaria.secretaria_controller - CC actualizado: 91 registo(s) | sem_pim=20 | sem_quota=91
2026-05-14 10:10:01,245 [WARNING] application.secretaria.atualizar_residentes_cc_usecase - quotas: esperadas ≥ 12 colunas, encontradas 8
2026-05-14 10:10:01,293 [INFO] application.secretaria.atualizar_residentes_cc_usecase - residentes_cc atualizado: 91 registos | sem_pim=20 | sem_quota=91
2026-05-14 10:10:01,293 [INFO] presentation.secretaria.secretaria_controller - CC actualizado: 91 registo(s) | sem_pim=20 | sem_quota=91
2026-05-14 10:10:09,494 [WARNING] application.secretaria.atualizar_residentes_cc_usecase - quotas: esperadas ≥ 12 colunas, encontradas 8
2026-05-14 10:10:09,544 [INFO] application.secretaria.atualizar_residentes_cc_usecase - residentes_cc atualizado: 91 registos | sem_pim=20 | sem_quota=91
2026-05-14 10:10:09,544 [INFO] presentation.secretaria.secretaria_controller - CC actualizado: 91 registo(s) | sem_pim=20 | sem_quota=91
2026-05-14 10:22:02,501 [INFO] application.secretaria.atualizar_residentes_cc_usecase - residentes_cc atualizado: 91 registos | sem_pim=20 | sem_quota=66
2026-05-14 10:22:02,518 [INFO] presentation.secretaria.secretaria_controller - CC actualizado: 91 registo(s) | sem_pim=20 | sem_quota=66
2026-05-14 10:28:31,808 [INFO] application.secretaria.atualizar_residentes_cc_usecase - residentes_cc atualizado: 91 registos | sem_pim=20 | sem_quota=66
2026-05-14 10:28:31,812 [INFO] presentation.secretaria.secretaria_controller - CC actualizado: 91 registo(s) | sem_pim=20 | sem_quota=66
2026-05-14 10:39:39,309 [INFO] application.secretaria.atualizar_residentes_cc_usecase - residentes_cc atualizado: 91 registos | sem_pim=20 | sem_quota=66
2026-05-14 10:39:39,311 [INFO] presentation.secretaria.secretaria_controller - CC actualizado: 91 registo(s) | sem_pim=20 | sem_quota=66
2026-05-14 10:41:56,998 [INFO] application.secretaria.atualizar_residentes_cc_usecase - residentes_cc atualizado: 91 registos | sem_pim=20 | sem_quota=66
2026-05-14 10:41:56,998 [INFO] presentation.secretaria.secretaria_controller - CC actualizado: 91 registo(s) | sem_pim=20 | sem_quota=66
2026-05-14 10:42:41,941 [INFO] application.secretaria.atualizar_residentes_cc_usecase - residentes_cc atualizado: 91 registos | sem_pim=20 | sem_quota=66
2026-05-14 10:42:41,948 [INFO] presentation.secretaria.secretaria_controller - CC actualizado: 91 registo(s) | sem_pim=20 | sem_quota=66
2026-05-14 10:51:19,408 [INFO] application.secretaria.atualizar_residentes_cc_usecase - residentes_cc atualizado: 91 registos | sem_pim=20 | sem_quota=66
2026-05-14 10:51:19,408 [INFO] presentation.secretaria.secretaria_controller - CC actualizado: 91 registo(s) | sem_pim=20 | sem_quota=66
2026-05-14 11:07:12,601 [INFO] infrastructure.persistence.secretaria.pim_sqlite_repository - pim_corrente: semeado a partir de pim_historico.
2026-05-14 11:07:16,283 [INFO] application.secretaria.atualizar_residentes_cc_usecase - residentes_cc atualizado: 91 registos | sem_pim=20 | sem_quota=66
2026-05-14 11:07:16,283 [INFO] presentation.secretaria.secretaria_controller - CC actualizado: 91 registo(s) | sem_pim=20 | sem_quota=66
2026-05-14 11:09:02,937 [INFO] application.secretaria.atualizar_residentes_cc_usecase - residentes_cc atualizado: 91 registos | sem_pim=20 | sem_quota=66
2026-05-14 11:09:02,939 [INFO] presentation.secretaria.secretaria_controller - CC actualizado: 91 registo(s) | sem_pim=20 | sem_quota=66
2026-05-14 11:40:10,489 [INFO] infrastructure.persistence.secretaria.residentes_sqlite_repository - residentes: coluna 'nif' adicionada (migração).
2026-05-14 11:40:10,522 [INFO] infrastructure.persistence.secretaria.residentes_sqlite_repository - residentes: coluna 'data_nascimento' adicionada (migração).
2026-05-14 11:40:10,552 [INFO] infrastructure.persistence.secretaria.residentes_sqlite_repository - residentes: coluna 'data_admissao' adicionada (migração).
2026-05-14 11:40:10,601 [INFO] infrastructure.persistence.secretaria.residentes_sqlite_repository - residentes: coluna 'data_fim' adicionada (migração).
2026-05-14 11:40:13,648 [WARNING] application.secretaria.atualizar_residentes_cc_usecase - Conflitos F3M ↔ SQLite (1): nr=639 numero_socio='0'≠'1579'
2026-05-14 11:40:13,650 [INFO] application.secretaria.atualizar_residentes_cc_usecase - residentes_cc atualizado: 91 registos | sem_pim=20 | sem_quota=66 | conflitos=1
2026-05-14 11:40:13,651 [INFO] presentation.secretaria.secretaria_controller - CC actualizado: 91 registo(s) | sem_pim=20 | sem_quota=66 | conflitos=1
2026-05-14 11:54:12,504 [WARNING] application.secretaria.atualizar_residentes_cc_usecase - Conflitos F3M ↔ SQLite (1): nr=639 numero_socio='0'≠'1579'
2026-05-14 11:54:12,504 [INFO] application.secretaria.atualizar_residentes_cc_usecase - residentes_cc atualizado: 91 registos | sem_pim=20 | sem_quota=66 | conflitos=1
2026-05-14 11:54:12,504 [INFO] presentation.secretaria.secretaria_controller - CC actualizado: 91 registo(s) | sem_pim=20 | sem_quota=66 | conflitos=1
2026-05-14 11:58:27,851 [INFO] application.secretaria.atualizar_residentes_cc_usecase - residentes_cc atualizado: 91 registos | sem_pim=20 | sem_quota=66 | conflitos=0
2026-05-14 11:58:27,851 [INFO] presentation.secretaria.secretaria_controller - CC actualizado: 91 registo(s) | sem_pim=20 | sem_quota=66 | conflitos=0
2026-05-14 12:16:49,691 [INFO] application.secretaria.atualizar_residentes_cc_usecase - residentes_cc atualizado: 91 registos | sem_pim=20 | sem_quota=66 | conflitos=0
2026-05-14 12:16:50,328 [INFO] presentation.secretaria.secretaria_controller - CC actualizado: 91 registo(s) | sem_pim=20 | sem_quota=66 | conflitos=0
2026-05-14 12:25:54,326 [INFO] application.secretaria.atualizar_residentes_cc_usecase - residentes_cc atualizado: 91 registos | sem_pim=20 | sem_quota=66 | conflitos=0
2026-05-14 12:25:55,029 [INFO] presentation.secretaria.secretaria_controller - CC actualizado: 91 registo(s) | sem_pim=20 | sem_quota=66 | conflitos=0
2026-05-15 09:17:03,893 [INFO] application.secretaria.atualizar_residentes_cc_usecase - residentes_cc atualizado: 91 registos | sem_pim=20 | sem_quota=66 | conflitos=0
2026-05-15 09:17:04,505 [INFO] presentation.secretaria.secretaria_controller - CC actualizado: 91 registo(s) | sem_pim=20 | sem_quota=66 | conflitos=0
2026-05-15 10:02:54,079 [INFO] application.secretaria.atualizar_residentes_cc_usecase - residentes_cc atualizado: 91 registos | sem_pim=20 | sem_quota=66 | conflitos=0
2026-05-15 10:02:54,862 [INFO] presentation.secretaria.secretaria_controller - CC actualizado: 91 registo(s) | sem_pim=20 | sem_quota=66 | conflitos=0
2026-05-15 11:52:50,031 [INFO] application.secretaria.atualizar_residentes_cc_usecase - residentes_cc atualizado: 91 registos | sem_pim=20 | sem_quota=66 | conflitos=0
2026-05-15 11:52:50,047 [INFO] presentation.secretaria.secretaria_controller - CC actualizado: 91 registo(s) | sem_pim=20 | sem_quota=66 | conflitos=0
2026-05-15 12:24:35,289 [INFO] application.secretaria.atualizar_residentes_cc_usecase - residentes_cc: PIM lido de pim_corrente (76 linhas).
2026-05-15 12:24:35,923 [INFO] application.secretaria.atualizar_residentes_cc_usecase - residentes_cc atualizado: 91 registos | sem_pim=16 | sem_quota=66 | conflitos=0
2026-05-15 12:24:35,923 [INFO] presentation.secretaria.secretaria_controller - CC actualizado: 91 registo(s) | sem_pim=16 | sem_quota=66 | conflitos=0
2026-05-15 12:27:37,859 [INFO] application.secretaria.atualizar_residentes_cc_usecase - residentes_cc: PIM lido de pim_corrente (76 linhas).
2026-05-15 12:27:38,461 [INFO] application.secretaria.atualizar_residentes_cc_usecase - residentes_cc atualizado: 91 registos | sem_pim=16 | sem_quota=66 | conflitos=0
2026-05-15 12:27:38,461 [INFO] presentation.secretaria.secretaria_controller - CC actualizado: 91 registo(s) | sem_pim=16 | sem_quota=66 | conflitos=0
2026-05-15 12:43:58,332 [INFO] application.secretaria.atualizar_residentes_cc_usecase - residentes_cc: PIM lido de pim_corrente (76 linhas).
2026-05-15 12:43:58,949 [INFO] application.secretaria.atualizar_residentes_cc_usecase - residentes_cc atualizado: 91 registos | sem_pim=16 | sem_quota=66 | conflitos=0
2026-05-15 12:43:58,949 [INFO] presentation.secretaria.secretaria_controller - CC actualizado: 91 registo(s) | sem_pim=16 | sem_quota=66 | conflitos=0
2026-05-15 12:44:09,688 [INFO] application.secretaria.atualizar_residentes_cc_usecase - residentes_cc: PIM lido de pim_corrente (76 linhas).
2026-05-15 12:44:10,182 [INFO] application.secretaria.atualizar_residentes_cc_usecase - residentes_cc atualizado: 91 registos | sem_pim=16 | sem_quota=66 | conflitos=0
2026-05-15 12:44:10,182 [INFO] presentation.secretaria.secretaria_controller - CC actualizado: 91 registo(s) | sem_pim=16 | sem_quota=66 | conflitos=0
2026-05-15 12:53:23,343 [INFO] application.secretaria.atualizar_residentes_cc_usecase - residentes_cc: PIM lido de pim_corrente (76 linhas).
2026-05-15 12:53:23,758 [INFO] application.secretaria.atualizar_residentes_cc_usecase - residentes_cc atualizado: 91 registos | sem_pim=16 | sem_quota=66 | conflitos=0
2026-05-15 12:53:23,758 [INFO] presentation.secretaria.secretaria_controller - CC actualizado: 91 registo(s) | sem_pim=16 | sem_quota=66 | conflitos=0
2026-05-15 12:55:03,316 [INFO] application.secretaria.atualizar_residentes_cc_usecase - residentes_cc: PIM lido de pim_corrente (76 linhas).
2026-05-15 12:55:03,925 [INFO] application.secretaria.atualizar_residentes_cc_usecase - residentes_cc atualizado: 91 registos | sem_pim=16 | sem_quota=66 | conflitos=0
2026-05-15 12:55:03,925 [INFO] presentation.secretaria.secretaria_controller - CC actualizado: 91 registo(s) | sem_pim=16 | sem_quota=66 | conflitos=0
2026-05-15 12:55:16,788 [INFO] application.secretaria.atualizar_residentes_cc_usecase - residentes_cc: PIM lido de pim_corrente (76 linhas).
2026-05-15 12:55:17,437 [INFO] application.secretaria.atualizar_residentes_cc_usecase - residentes_cc atualizado: 91 registos | sem_pim=16 | sem_quota=66 | conflitos=0
2026-05-15 12:55:17,442 [INFO] presentation.secretaria.secretaria_controller - CC actualizado: 91 registo(s) | sem_pim=16 | sem_quota=66 | conflitos=0
2026-05-15 13:01:07,318 [INFO] application.secretaria.atualizar_residentes_cc_usecase - residentes_cc: PIM lido de pim_corrente (76 linhas).
2026-05-15 13:01:07,901 [WARNING] application.secretaria.atualizar_residentes_cc_usecase - Conflitos F3M ↔ SQLite (88): nr=242 nif='155826964.0'≠'155826964'; nr=249 nif='150637357.0'≠'150637357'; nr=358 nif='144066378.0'≠'144066378'; nr=366 nif='117205184.0'≠'117205184'; nr=382 nif='112536140.0'≠'112536140'; nr=438 nif='154781550.0'≠'154781550'; nr=449 nif='106598988.0'≠'106598988'; nr=451 nif='121080544.0'≠'121080544'; nr=453 nif='107068176.0'≠'107068176'; nr=456 nif='107293510.0'≠'107293510'; nr=476 nif='103661832.0'≠'103661832'; nr=484 nif='108225771.0'≠'108225771'; nr=488 nif='126046816.0'≠'126046816'; nr=493 nif='159343933.0'≠'159343933'; nr=494 nif='154206970.0'≠'154206970'; nr=503 nif='114632995.0'≠'114632995'; nr=508 nif='126046352.0'≠'126046352'; nr=519 nif='155783491.0'≠'155783491'; nr=525 nif='166908800.0'≠'166908800'; nr=529 nif='148127452.0'≠'148127452'; nr=544 nif='107028824.0'≠'107028824'; nr=545 nif='137069332.0'≠'137069332'; nr=547 nif='116337320.0'≠'116337320'; nr=548 nif='102924007.0'≠'102924007'; nr=551 nif='100853536.0'≠'100853536'; nr=554 nif='137567464.0'≠'137567464'; nr=557 nif='144597357.0'≠'144597357'; nr=559 nif='127405496.0'≠'127405496'; nr=560 nif='158414683.0'≠'158414683'; nr=561 nif='134191986.0'≠'134191986'; nr=562 nif='124401082.0'≠'124401082'; nr=569 nif='110481577.0'≠'110481577'; nr=570 nif='107269686.0'≠'107269686'; nr=572 nif='142679313.0'≠'142679313'; nr=574 nif='127702156.0'≠'127702156'; nr=583 nif='134687876.0'≠'134687876'; nr=584 nif='163031673.0'≠'163031673'; nr=585 nif='144041200.0'≠'144041200'; nr=586 nif='161206530.0'≠'161206530'; nr=587 nif='127444866.0'≠'127444866'; nr=589 nif='126046280.0'≠'126046280'; nr=590 nif='112535917.0'≠'112535917'; nr=591 nif='113450931.0'≠'113450931'; nr=592 nif='139595708.0'≠'139595708'; nr=596 nif='108805310.0'≠'108805310'; nr=597 nif='170086135.0'≠'170086135'; nr=598 nif='126047200.0'≠'126047200'; nr=599 nif='157388204.0'≠'157388204'; nr=600 nif='127422978.0'≠'127422978'; nr=601 nif='144085470.0'≠'144085470'; nr=602 nif='144085488.0'≠'144085488'; nr=603 nif='152974270.0'≠'152974270'; nr=604 nif='163319278.0'≠'163319278'; nr=605 nif='146513401.0'≠'146513401'; nr=607 nif='105371980.0'≠'105371980'; nr=608 nif='162810610.0'≠'162810610'; nr=610 nif='150589263.0'≠'150589263'; nr=611 nif='109741250.0'≠'109741250'; nr=612 nif='148835120.0'≠'148835120'; nr=613 nif='104494522.0'≠'104494522'; nr=614 nif='161345190.0'≠'161345190'; nr=615 nif='152073965.0'≠'152073965'; nr=617 nif='105404136.0'≠'105404136'; nr=619 nif='132274175.0'≠'132274175'; nr=622 nif='123130298.0'≠'123130298'; nr=624 nif='137708734.0'≠'137708734'; nr=625 nif='133064549.0'≠'133064549'; nr=626 nif='161602215.0'≠'161602215'; nr=627 nif='107857260.0'≠'107857260'; nr=628 nif='161571034.0'≠'161571034'; nr=629 nif='148484794.0'≠'148484794'; nr=630 nif='161745890.0'≠'161745890'; nr=631 nif='117460761.0'≠'117460761'; nr=632 nif='156050595.0'≠'156050595'; nr=633 nif='118840800.0'≠'118840800'; nr=634 nif='155026577.0'≠'155026577'; nr=635 nif='113450923.0'≠'113450923'; nr=24 nif='114861609.0'≠'114861609'; nr=25 nif='109218167.0'≠'109218167'; nr=26 nif='146847890.0'≠'146847890'; nr=27 nif='150962835.0'≠'150962835'; nr=28 nif='114862346.0'≠'114862346'; nr=29 nif='157217205.0'≠'157217205'; nr=30 nif='327143290.0'≠'327143290'; nr=636 nif='154721980.0'≠'154721980'; nr=637 nif='108298841.0'≠'108298841'; nr=638 nif='151362920.0'≠'151362920'; nr=639 nif='155838130.0'≠'155838130'
2026-05-15 13:01:08,035 [INFO] application.secretaria.atualizar_residentes_cc_usecase - residentes_cc atualizado: 91 registos | sem_pim=16 | sem_quota=66 | conflitos=88
2026-05-15 13:01:08,101 [INFO] presentation.secretaria.secretaria_controller - CC actualizado: 91 registo(s) | sem_pim=16 | sem_quota=66 | conflitos=88
2026-05-15 13:10:02,298 [INFO] application.secretaria.atualizar_residentes_cc_usecase - residentes_cc: PIM lido de pim_corrente (76 linhas).
2026-05-15 13:10:02,687 [WARNING] application.secretaria.atualizar_residentes_cc_usecase - Conflitos F3M ↔ SQLite (88): nr=242 nif='155826964.0'≠'155826964'; nr=249 nif='150637357.0'≠'150637357'; nr=358 nif='144066378.0'≠'144066378'; nr=366 nif='117205184.0'≠'117205184'; nr=382 nif='112536140.0'≠'112536140'; nr=438 nif='154781550.0'≠'154781550'; nr=449 nif='106598988.0'≠'106598988'; nr=451 nif='121080544.0'≠'121080544'; nr=453 nif='107068176.0'≠'107068176'; nr=456 nif='107293510.0'≠'107293510'; nr=476 nif='103661832.0'≠'103661832'; nr=484 nif='108225771.0'≠'108225771'; nr=488 nif='126046816.0'≠'126046816'; nr=493 nif='159343933.0'≠'159343933'; nr=494 nif='154206970.0'≠'154206970'; nr=503 nif='114632995.0'≠'114632995'; nr=508 nif='126046352.0'≠'126046352'; nr=519 nif='155783491.0'≠'155783491'; nr=525 nif='166908800.0'≠'166908800'; nr=529 nif='148127452.0'≠'148127452'; nr=544 nif='107028824.0'≠'107028824'; nr=545 nif='137069332.0'≠'137069332'; nr=547 nif='116337320.0'≠'116337320'; nr=548 nif='102924007.0'≠'102924007'; nr=551 nif='100853536.0'≠'100853536'; nr=554 nif='137567464.0'≠'137567464'; nr=557 nif='144597357.0'≠'144597357'; nr=559 nif='127405496.0'≠'127405496'; nr=560 nif='158414683.0'≠'158414683'; nr=561 nif='134191986.0'≠'134191986'; nr=562 nif='124401082.0'≠'124401082'; nr=569 nif='110481577.0'≠'110481577'; nr=570 nif='107269686.0'≠'107269686'; nr=572 nif='142679313.0'≠'142679313'; nr=574 nif='127702156.0'≠'127702156'; nr=583 nif='134687876.0'≠'134687876'; nr=584 nif='163031673.0'≠'163031673'; nr=585 nif='144041200.0'≠'144041200'; nr=586 nif='161206530.0'≠'161206530'; nr=587 nif='127444866.0'≠'127444866'; nr=589 nif='126046280.0'≠'126046280'; nr=590 nif='112535917.0'≠'112535917'; nr=591 nif='113450931.0'≠'113450931'; nr=592 nif='139595708.0'≠'139595708'; nr=596 nif='108805310.0'≠'108805310'; nr=597 nif='170086135.0'≠'170086135'; nr=598 nif='126047200.0'≠'126047200'; nr=599 nif='157388204.0'≠'157388204'; nr=600 nif='127422978.0'≠'127422978'; nr=601 nif='144085470.0'≠'144085470'; nr=602 nif='144085488.0'≠'144085488'; nr=603 nif='152974270.0'≠'152974270'; nr=604 nif='163319278.0'≠'163319278'; nr=605 nif='146513401.0'≠'146513401'; nr=607 nif='105371980.0'≠'105371980'; nr=608 nif='162810610.0'≠'162810610'; nr=610 nif='150589263.0'≠'150589263'; nr=611 nif='109741250.0'≠'109741250'; nr=612 nif='148835120.0'≠'148835120'; nr=613 nif='104494522.0'≠'104494522'; nr=614 nif='161345190.0'≠'161345190'; nr=615 nif='152073965.0'≠'152073965'; nr=617 nif='105404136.0'≠'105404136'; nr=619 nif='132274175.0'≠'132274175'; nr=622 nif='123130298.0'≠'123130298'; nr=624 nif='137708734.0'≠'137708734'; nr=625 nif='133064549.0'≠'133064549'; nr=626 nif='161602215.0'≠'161602215'; nr=627 nif='107857260.0'≠'107857260'; nr=628 nif='161571034.0'≠'161571034'; nr=629 nif='148484794.0'≠'148484794'; nr=630 nif='161745890.0'≠'161745890'; nr=631 nif='117460761.0'≠'117460761'; nr=632 nif='156050595.0'≠'156050595'; nr=633 nif='118840800.0'≠'118840800'; nr=634 nif='155026577.0'≠'155026577'; nr=635 nif='113450923.0'≠'113450923'; nr=24 nif='114861609.0'≠'114861609'; nr=25 nif='109218167.0'≠'109218167'; nr=26 nif='146847890.0'≠'146847890'; nr=27 nif='150962835.0'≠'150962835'; nr=28 nif='114862346.0'≠'114862346'; nr=29 nif='157217205.0'≠'157217205'; nr=30 nif='327143290.0'≠'327143290'; nr=636 nif='154721980.0'≠'154721980'; nr=637 nif='108298841.0'≠'108298841'; nr=638 nif='151362920.0'≠'151362920'; nr=639 nif='155838130.0'≠'155838130'
2026-05-15 13:10:02,771 [INFO] application.secretaria.atualizar_residentes_cc_usecase - residentes_cc atualizado: 91 registos | sem_pim=16 | sem_quota=66 | conflitos=88
2026-05-15 13:10:02,820 [INFO] presentation.secretaria.secretaria_controller - CC actualizado: 91 registo(s) | sem_pim=16 | sem_quota=66 | conflitos=88
2026-05-15 13:12:55,198 [INFO] application.secretaria.atualizar_residentes_cc_usecase - residentes_cc: PIM lido de pim_corrente (76 linhas).
2026-05-15 13:12:55,845 [WARNING] application.secretaria.atualizar_residentes_cc_usecase - Conflitos F3M ↔ SQLite (88): nr=242 nif='155826964.0'≠'155826964'; nr=249 nif='150637357.0'≠'150637357'; nr=358 nif='144066378.0'≠'144066378'; nr=366 nif='117205184.0'≠'117205184'; nr=382 nif='112536140.0'≠'112536140'; nr=438 nif='154781550.0'≠'154781550'; nr=449 nif='106598988.0'≠'106598988'; nr=451 nif='121080544.0'≠'121080544'; nr=453 nif='107068176.0'≠'107068176'; nr=456 nif='107293510.0'≠'107293510'; nr=476 nif='103661832.0'≠'103661832'; nr=484 nif='108225771.0'≠'108225771'; nr=488 nif='126046816.0'≠'126046816'; nr=493 nif='159343933.0'≠'159343933'; nr=494 nif='154206970.0'≠'154206970'; nr=503 nif='114632995.0'≠'114632995'; nr=508 nif='126046352.0'≠'126046352'; nr=519 nif='155783491.0'≠'155783491'; nr=525 nif='166908800.0'≠'166908800'; nr=529 nif='148127452.0'≠'148127452'; nr=544 nif='107028824.0'≠'107028824'; nr=545 nif='137069332.0'≠'137069332'; nr=547 nif='116337320.0'≠'116337320'; nr=548 nif='102924007.0'≠'102924007'; nr=551 nif='100853536.0'≠'100853536'; nr=554 nif='137567464.0'≠'137567464'; nr=557 nif='144597357.0'≠'144597357'; nr=559 nif='127405496.0'≠'127405496'; nr=560 nif='158414683.0'≠'158414683'; nr=561 nif='134191986.0'≠'134191986'; nr=562 nif='124401082.0'≠'124401082'; nr=569 nif='110481577.0'≠'110481577'; nr=570 nif='107269686.0'≠'107269686'; nr=572 nif='142679313.0'≠'142679313'; nr=574 nif='127702156.0'≠'127702156'; nr=583 nif='134687876.0'≠'134687876'; nr=584 nif='163031673.0'≠'163031673'; nr=585 nif='144041200.0'≠'144041200'; nr=586 nif='161206530.0'≠'161206530'; nr=587 nif='127444866.0'≠'127444866'; nr=589 nif='126046280.0'≠'126046280'; nr=590 nif='112535917.0'≠'112535917'; nr=591 nif='113450931.0'≠'113450931'; nr=592 nif='139595708.0'≠'139595708'; nr=596 nif='108805310.0'≠'108805310'; nr=597 nif='170086135.0'≠'170086135'; nr=598 nif='126047200.0'≠'126047200'; nr=599 nif='157388204.0'≠'157388204'; nr=600 nif='127422978.0'≠'127422978'; nr=601 nif='144085470.0'≠'144085470'; nr=602 nif='144085488.0'≠'144085488'; nr=603 nif='152974270.0'≠'152974270'; nr=604 nif='163319278.0'≠'163319278'; nr=605 nif='146513401.0'≠'146513401'; nr=607 nif='105371980.0'≠'105371980'; nr=608 nif='162810610.0'≠'162810610'; nr=610 nif='150589263.0'≠'150589263'; nr=611 nif='109741250.0'≠'109741250'; nr=612 nif='148835120.0'≠'148835120'; nr=613 nif='104494522.0'≠'104494522'; nr=614 nif='161345190.0'≠'161345190'; nr=615 nif='152073965.0'≠'152073965'; nr=617 nif='105404136.0'≠'105404136'; nr=619 nif='132274175.0'≠'132274175'; nr=622 nif='123130298.0'≠'123130298'; nr=624 nif='137708734.0'≠'137708734'; nr=625 nif='133064549.0'≠'133064549'; nr=626 nif='161602215.0'≠'161602215'; nr=627 nif='107857260.0'≠'107857260'; nr=628 nif='161571034.0'≠'161571034'; nr=629 nif='148484794.0'≠'148484794'; nr=630 nif='161745890.0'≠'161745890'; nr=631 nif='117460761.0'≠'117460761'; nr=632 nif='156050595.0'≠'156050595'; nr=633 nif='118840800.0'≠'118840800'; nr=634 nif='155026577.0'≠'155026577'; nr=635 nif='113450923.0'≠'113450923'; nr=24 nif='114861609.0'≠'114861609'; nr=25 nif='109218167.0'≠'109218167'; nr=26 nif='146847890.0'≠'146847890'; nr=27 nif='150962835.0'≠'150962835'; nr=28 nif='114862346.0'≠'114862346'; nr=29 nif='157217205.0'≠'157217205'; nr=30 nif='327143290.0'≠'327143290'; nr=636 nif='154721980.0'≠'154721980'; nr=637 nif='108298841.0'≠'108298841'; nr=638 nif='151362920.0'≠'151362920'; nr=639 nif='155838130.0'≠'155838130'
2026-05-15 13:12:55,962 [INFO] application.secretaria.atualizar_residentes_cc_usecase - residentes_cc atualizado: 91 registos | sem_pim=16 | sem_quota=66 | conflitos=88
2026-05-15 13:12:56,029 [INFO] presentation.secretaria.secretaria_controller - CC actualizado: 91 registo(s) | sem_pim=16 | sem_quota=66 | conflitos=88
2026-05-15 13:16:05,698 [INFO] application.secretaria.atualizar_residentes_cc_usecase - residentes_cc: PIM lido de pim_corrente (76 linhas).
2026-05-15 13:16:06,118 [WARNING] application.secretaria.atualizar_residentes_cc_usecase - Conflitos F3M ↔ SQLite (88): nr=242 nif='155826964.0'≠'155826964'; nr=249 nif='150637357.0'≠'150637357'; nr=358 nif='144066378.0'≠'144066378'; nr=366 nif='117205184.0'≠'117205184'; nr=382 nif='112536140.0'≠'112536140'; nr=438 nif='154781550.0'≠'154781550'; nr=449 nif='106598988.0'≠'106598988'; nr=451 nif='121080544.0'≠'121080544'; nr=453 nif='107068176.0'≠'107068176'; nr=456 nif='107293510.0'≠'107293510'; nr=476 nif='103661832.0'≠'103661832'; nr=484 nif='108225771.0'≠'108225771'; nr=488 nif='126046816.0'≠'126046816'; nr=493 nif='159343933.0'≠'159343933'; nr=494 nif='154206970.0'≠'154206970'; nr=503 nif='114632995.0'≠'114632995'; nr=508 nif='126046352.0'≠'126046352'; nr=519 nif='155783491.0'≠'155783491'; nr=525 nif='166908800.0'≠'166908800'; nr=529 nif='148127452.0'≠'148127452'; nr=544 nif='107028824.0'≠'107028824'; nr=545 nif='137069332.0'≠'137069332'; nr=547 nif='116337320.0'≠'116337320'; nr=548 nif='102924007.0'≠'102924007'; nr=551 nif='100853536.0'≠'100853536'; nr=554 nif='137567464.0'≠'137567464'; nr=557 nif='144597357.0'≠'144597357'; nr=559 nif='127405496.0'≠'127405496'; nr=560 nif='158414683.0'≠'158414683'; nr=561 nif='134191986.0'≠'134191986'; nr=562 nif='124401082.0'≠'124401082'; nr=569 nif='110481577.0'≠'110481577'; nr=570 nif='107269686.0'≠'107269686'; nr=572 nif='142679313.0'≠'142679313'; nr=574 nif='127702156.0'≠'127702156'; nr=583 nif='134687876.0'≠'134687876'; nr=584 nif='163031673.0'≠'163031673'; nr=585 nif='144041200.0'≠'144041200'; nr=586 nif='161206530.0'≠'161206530'; nr=587 nif='127444866.0'≠'127444866'; nr=589 nif='126046280.0'≠'126046280'; nr=590 nif='112535917.0'≠'112535917'; nr=591 nif='113450931.0'≠'113450931'; nr=592 nif='139595708.0'≠'139595708'; nr=596 nif='108805310.0'≠'108805310'; nr=597 nif='170086135.0'≠'170086135'; nr=598 nif='126047200.0'≠'126047200'; nr=599 nif='157388204.0'≠'157388204'; nr=600 nif='127422978.0'≠'127422978'; nr=601 nif='144085470.0'≠'144085470'; nr=602 nif='144085488.0'≠'144085488'; nr=603 nif='152974270.0'≠'152974270'; nr=604 nif='163319278.0'≠'163319278'; nr=605 nif='146513401.0'≠'146513401'; nr=607 nif='105371980.0'≠'105371980'; nr=608 nif='162810610.0'≠'162810610'; nr=610 nif='150589263.0'≠'150589263'; nr=611 nif='109741250.0'≠'109741250'; nr=612 nif='148835120.0'≠'148835120'; nr=613 nif='104494522.0'≠'104494522'; nr=614 nif='161345190.0'≠'161345190'; nr=615 nif='152073965.0'≠'152073965'; nr=617 nif='105404136.0'≠'105404136'; nr=619 nif='132274175.0'≠'132274175'; nr=622 nif='123130298.0'≠'123130298'; nr=624 nif='137708734.0'≠'137708734'; nr=625 nif='133064549.0'≠'133064549'; nr=626 nif='161602215.0'≠'161602215'; nr=627 nif='107857260.0'≠'107857260'; nr=628 nif='161571034.0'≠'161571034'; nr=629 nif='148484794.0'≠'148484794'; nr=630 nif='161745890.0'≠'161745890'; nr=631 nif='117460761.0'≠'117460761'; nr=632 nif='156050595.0'≠'156050595'; nr=633 nif='118840800.0'≠'118840800'; nr=634 nif='155026577.0'≠'155026577'; nr=635 nif='113450923.0'≠'113450923'; nr=24 nif='114861609.0'≠'114861609'; nr=25 nif='109218167.0'≠'109218167'; nr=26 nif='146847890.0'≠'146847890'; nr=27 nif='150962835.0'≠'150962835'; nr=28 nif='114862346.0'≠'114862346'; nr=29 nif='157217205.0'≠'157217205'; nr=30 nif='327143290.0'≠'327143290'; nr=636 nif='154721980.0'≠'154721980'; nr=637 nif='108298841.0'≠'108298841'; nr=638 nif='151362920.0'≠'151362920'; nr=639 nif='155838130.0'≠'155838130'
2026-05-15 13:16:06,197 [INFO] application.secretaria.atualizar_residentes_cc_usecase - residentes_cc atualizado: 91 registos | sem_pim=16 | sem_quota=66 | conflitos=88
2026-05-15 13:16:06,248 [INFO] presentation.secretaria.secretaria_controller - CC actualizado: 91 registo(s) | sem_pim=16 | sem_quota=66 | conflitos=88
2026-05-15 13:19:16,599 [INFO] application.secretaria.atualizar_residentes_cc_usecase - residentes_cc: PIM lido de pim_corrente (76 linhas).
2026-05-15 13:19:17,215 [WARNING] application.secretaria.atualizar_residentes_cc_usecase - Conflitos F3M ↔ SQLite (88): nr=242 nif='155826964.0'≠'155826964'; nr=249 nif='150637357.0'≠'150637357'; nr=358 nif='144066378.0'≠'144066378'; nr=366 nif='117205184.0'≠'117205184'; nr=382 nif='112536140.0'≠'112536140'; nr=438 nif='154781550.0'≠'154781550'; nr=449 nif='106598988.0'≠'106598988'; nr=451 nif='121080544.0'≠'121080544'; nr=453 nif='107068176.0'≠'107068176'; nr=456 nif='107293510.0'≠'107293510'; nr=476 nif='103661832.0'≠'103661832'; nr=484 nif='108225771.0'≠'108225771'; nr=488 nif='126046816.0'≠'126046816'; nr=493 nif='159343933.0'≠'159343933'; nr=494 nif='154206970.0'≠'154206970'; nr=503 nif='114632995.0'≠'114632995'; nr=508 nif='126046352.0'≠'126046352'; nr=519 nif='155783491.0'≠'155783491'; nr=525 nif='166908800.0'≠'166908800'; nr=529 nif='148127452.0'≠'148127452'; nr=544 nif='107028824.0'≠'107028824'; nr=545 nif='137069332.0'≠'137069332'; nr=547 nif='116337320.0'≠'116337320'; nr=548 nif='102924007.0'≠'102924007'; nr=551 nif='100853536.0'≠'100853536'; nr=554 nif='137567464.0'≠'137567464'; nr=557 nif='144597357.0'≠'144597357'; nr=559 nif='127405496.0'≠'127405496'; nr=560 nif='158414683.0'≠'158414683'; nr=561 nif='134191986.0'≠'134191986'; nr=562 nif='124401082.0'≠'124401082'; nr=569 nif='110481577.0'≠'110481577'; nr=570 nif='107269686.0'≠'107269686'; nr=572 nif='142679313.0'≠'142679313'; nr=574 nif='127702156.0'≠'127702156'; nr=583 nif='134687876.0'≠'134687876'; nr=584 nif='163031673.0'≠'163031673'; nr=585 nif='144041200.0'≠'144041200'; nr=586 nif='161206530.0'≠'161206530'; nr=587 nif='127444866.0'≠'127444866'; nr=589 nif='126046280.0'≠'126046280'; nr=590 nif='112535917.0'≠'112535917'; nr=591 nif='113450931.0'≠'113450931'; nr=592 nif='139595708.0'≠'139595708'; nr=596 nif='108805310.0'≠'108805310'; nr=597 nif='170086135.0'≠'170086135'; nr=598 nif='126047200.0'≠'126047200'; nr=599 nif='157388204.0'≠'157388204'; nr=600 nif='127422978.0'≠'127422978'; nr=601 nif='144085470.0'≠'144085470'; nr=602 nif='144085488.0'≠'144085488'; nr=603 nif='152974270.0'≠'152974270'; nr=604 nif='163319278.0'≠'163319278'; nr=605 nif='146513401.0'≠'146513401'; nr=607 nif='105371980.0'≠'105371980'; nr=608 nif='162810610.0'≠'162810610'; nr=610 nif='150589263.0'≠'150589263'; nr=611 nif='109741250.0'≠'109741250'; nr=612 nif='148835120.0'≠'148835120'; nr=613 nif='104494522.0'≠'104494522'; nr=614 nif='161345190.0'≠'161345190'; nr=615 nif='152073965.0'≠'152073965'; nr=617 nif='105404136.0'≠'105404136'; nr=619 nif='132274175.0'≠'132274175'; nr=622 nif='123130298.0'≠'123130298'; nr=624 nif='137708734.0'≠'137708734'; nr=625 nif='133064549.0'≠'133064549'; nr=626 nif='161602215.0'≠'161602215'; nr=627 nif='107857260.0'≠'107857260'; nr=628 nif='161571034.0'≠'161571034'; nr=629 nif='148484794.0'≠'148484794'; nr=630 nif='161745890.0'≠'161745890'; nr=631 nif='117460761.0'≠'117460761'; nr=632 nif='156050595.0'≠'156050595'; nr=633 nif='118840800.0'≠'118840800'; nr=634 nif='155026577.0'≠'155026577'; nr=635 nif='113450923.0'≠'113450923'; nr=24 nif='114861609.0'≠'114861609'; nr=25 nif='109218167.0'≠'109218167'; nr=26 nif='146847890.0'≠'146847890'; nr=27 nif='150962835.0'≠'150962835'; nr=28 nif='114862346.0'≠'114862346'; nr=29 nif='157217205.0'≠'157217205'; nr=30 nif='327143290.0'≠'327143290'; nr=636 nif='154721980.0'≠'154721980'; nr=637 nif='108298841.0'≠'108298841'; nr=638 nif='151362920.0'≠'151362920'; nr=639 nif='155838130.0'≠'155838130'
2026-05-15 13:19:17,315 [INFO] application.secretaria.atualizar_residentes_cc_usecase - residentes_cc atualizado: 91 registos | sem_pim=16 | sem_quota=66 | conflitos=88
2026-05-15 13:19:17,382 [INFO] presentation.secretaria.secretaria_controller - CC actualizado: 91 registo(s) | sem_pim=16 | sem_quota=66 | conflitos=88
2026-05-15 13:20:06,844 [INFO] application.secretaria.atualizar_residentes_cc_usecase - residentes_cc: PIM lido de pim_corrente (76 linhas).
2026-05-15 13:20:07,516 [INFO] application.secretaria.atualizar_residentes_cc_usecase - residentes_cc atualizado: 91 registos | sem_pim=16 | sem_quota=66 | conflitos=0
2026-05-15 13:20:07,516 [INFO] presentation.secretaria.secretaria_controller - CC actualizado: 91 registo(s) | sem_pim=16 | sem_quota=66 | conflitos=0
2026-05-15 13:27:16,471 [INFO] infrastructure.persistence.secretaria.residentes_sqlite_repository - residentes: coluna 'resp_tlm' adicionada (migração).
2026-05-15 13:27:18,620 [INFO] application.secretaria.atualizar_residentes_cc_usecase - residentes_cc: PIM lido de pim_corrente (76 linhas).
2026-05-15 13:27:19,220 [INFO] application.secretaria.atualizar_residentes_cc_usecase - residentes_cc atualizado: 91 registos | sem_pim=16 | sem_quota=66 | conflitos=0
2026-05-15 13:27:19,224 [INFO] presentation.secretaria.secretaria_controller - CC actualizado: 91 registo(s) | sem_pim=16 | sem_quota=66 | conflitos=0
2026-05-15 17:13:45,439 [INFO] application.secretaria.atualizar_residentes_cc_usecase - residentes_cc: PIM lido de pim_corrente (76 linhas).
2026-05-15 17:13:45,831 [WARNING] application.secretaria.atualizar_residentes_cc_usecase - Conflitos F3M ↔ SQLite (1): nr=639 numero_socio='0'≠'1579'
2026-05-15 17:13:45,847 [INFO] application.secretaria.atualizar_residentes_cc_usecase - residentes_cc atualizado: 91 registos | sem_pim=16 | sem_quota=66 | conflitos=1
2026-05-15 17:13:45,848 [INFO] presentation.secretaria.secretaria_controller - CC actualizado: 91 registo(s) | sem_pim=16 | sem_quota=66 | conflitos=1
2026-05-15 17:22:39,216 [INFO] application.secretaria.atualizar_residentes_cc_usecase - residentes_cc: PIM lido de pim_corrente (76 linhas).
2026-05-15 17:22:39,785 [INFO] application.secretaria.atualizar_residentes_cc_usecase - residentes_cc atualizado: 91 registos | sem_pim=16 | sem_quota=66 | conflitos=0
2026-05-15 17:22:39,796 [INFO] presentation.secretaria.secretaria_controller - CC actualizado: 91 registo(s) | sem_pim=16 | sem_quota=66 | conflitos=0
2026-05-15 17:58:49,706 [INFO] application.secretaria.atualizar_residentes_cc_usecase - residentes_cc: PIM lido de pim_corrente (76 linhas).
2026-05-15 17:58:50,425 [INFO] application.secretaria.atualizar_residentes_cc_usecase - residentes_cc atualizado: 91 registos | sem_pim=16 | sem_quota=66 | conflitos=0
2026-05-15 17:58:50,426 [INFO] presentation.secretaria.secretaria_controller - CC actualizado: 91 registo(s) | sem_pim=16 | sem_quota=66 | conflitos=0
2026-05-15 18:19:38,049 [INFO] application.secretaria.atualizar_residentes_cc_usecase - residentes_cc: PIM lido de pim_corrente (76 linhas).
2026-05-15 18:19:38,660 [INFO] application.secretaria.atualizar_residentes_cc_usecase - residentes_cc atualizado: 91 registos | sem_pim=16 | sem_quota=66 | conflitos=0
2026-05-15 18:19:38,662 [INFO] presentation.secretaria.secretaria_controller - CC actualizado: 91 registo(s) | sem_pim=16 | sem_quota=66 | conflitos=0
2026-05-16 08:47:51,183 [INFO] application.secretaria.atualizar_residentes_cc_usecase - residentes_cc: PIM lido de pim_corrente (76 linhas).
2026-05-16 08:47:51,821 [INFO] application.secretaria.atualizar_residentes_cc_usecase - residentes_cc atualizado: 91 registos | sem_pim=16 | sem_quota=66 | conflitos=0
2026-05-16 08:47:51,829 [INFO] presentation.secretaria.secretaria_controller - CC actualizado: 91 registo(s) | sem_pim=16 | sem_quota=66 | conflitos=0
2026-05-16 08:53:04,346 [INFO] infrastructure.persistence.secretaria.candidatos_repository - residentes_candidatos: tabela verificada/criada.
2026-05-16 08:53:06,510 [INFO] application.secretaria.atualizar_residentes_cc_usecase - residentes_cc: PIM lido de pim_corrente (76 linhas).
2026-05-16 08:53:07,127 [INFO] application.secretaria.atualizar_residentes_cc_usecase - residentes_cc atualizado: 91 registos | sem_pim=16 | sem_quota=66 | conflitos=0
2026-05-16 08:53:07,127 [INFO] presentation.secretaria.secretaria_controller - CC actualizado: 91 registo(s) | sem_pim=16 | sem_quota=66 | conflitos=0
2026-05-16 09:07:00,179 [INFO] infrastructure.persistence.secretaria.candidatos_repository - residentes_candidatos: tabela verificada/criada.
2026-05-16 10:36:38,641 [INFO] infrastructure.persistence.secretaria.candidatos_repository - residentes_candidatos: tabela verificada/criada.
2026-05-16 10:36:44,169 [INFO] application.secretaria.atualizar_residentes_cc_usecase - residentes_cc: PIM lido de pim_corrente (76 linhas).
2026-05-16 10:36:44,580 [INFO] application.secretaria.atualizar_residentes_cc_usecase - residentes_cc atualizado: 91 registos | sem_pim=16 | sem_quota=66 | conflitos=0
2026-05-16 10:36:44,580 [INFO] presentation.secretaria.secretaria_controller - CC actualizado: 91 registo(s) | sem_pim=16 | sem_quota=66 | conflitos=0
2026-05-16 15:16:49,207 [INFO] infrastructure.persistence.secretaria.candidatos_repository - residentes_candidatos: tabela verificada/criada.
2026-05-16 15:16:54,913 [INFO] application.secretaria.atualizar_residentes_cc_usecase - residentes_cc: PIM lido de pim_corrente (76 linhas).
2026-05-16 15:16:55,665 [WARNING] application.secretaria.atualizar_residentes_cc_usecase - Conflitos F3M ↔ SQLite (2): nr=626 numero_socio='15-05-2026'≠'3483'; nr=626 nif='15-05-2026'≠'161602215'
2026-05-16 15:16:55,665 [INFO] application.secretaria.atualizar_residentes_cc_usecase - residentes_cc atualizado: 91 registos | sem_pim=16 | sem_quota=66 | conflitos=2
2026-05-16 15:16:55,665 [INFO] presentation.secretaria.secretaria_controller - CC actualizado: 91 registo(s) | sem_pim=16 | sem_quota=66 | conflitos=2
2026-05-18 09:38:40,229 [INFO] infrastructure.persistence.secretaria.candidatos_repository - residentes_candidatos: tabela verificada/criada.
2026-05-18 09:46:10,466 [INFO] application.secretaria.tesouraria_service - ✅ Inflow atualizado: 3416 → 3428 registos
2026-05-18 09:46:12,564 [INFO] root - Foram encontrados 12 novos movimentos.
2026-05-18 09:46:12,568 [INFO] root - Concluído
Movimentos aplicados. Recibos preparados para envio posterior.
2026-05-18 09:46:24,460 [INFO] application.email.email_sender - LOTE 1/1 — 7 emails
2026-05-18 09:46:25,013 [INFO] application.email.email_sender - SMTP conectado para lote 1
2026-05-18 09:46:25,410 [INFO] application.email.email_sender - [1/7] OK → mj.freitas@sapo.pt
2026-05-18 09:46:34,238 [INFO] application.email.email_sender - [2/7] OK → jmmribeiro@gmail.com
2026-05-18 09:46:39,983 [INFO] application.email.email_sender - [3/7] OK → fonseca.isabel@mail.telepac.pt
2026-05-18 09:46:49,205 [INFO] application.email.email_sender - [4/7] OK → paula.castanheirapereira@gmail.com
2026-05-18 09:46:57,509 [INFO] application.email.email_sender - [5/7] OK → jaime_paula@hotmail.com
2026-05-18 09:47:06,036 [INFO] application.email.email_sender - [6/7] OK → macedoandreia1001@gmail.com
2026-05-18 09:47:13,452 [INFO] application.email.email_sender - [7/7] OK → anasofiamarques222@gmail.com
2026-05-18 09:47:19,217 [INFO] application.email.email_sender - SMTP desconectado após lote 1
2026-05-18 09:47:19,228 [INFO] application.email.email_sender - Envio concluído. OK: 7 | ERRO: 0
2026-05-18 09:47:19,336 [INFO] root - Envio concluído: 7 recibos enviados com sucesso.
2026-05-19 08:30:19,767 [INFO] infrastructure.persistence.secretaria.candidatos_repository - residentes_candidatos: tabela verificada/criada.
2026-05-19 09:05:23,266 [INFO] infrastructure.persistence.secretaria.candidatos_repository - residentes_candidatos: tabela verificada/criada.
2026-05-19 09:06:02,952 [INFO] infrastructure.persistence.secretaria.candidatos_repository - residentes_candidatos: tabela verificada/criada.
2026-05-19 09:06:17,928 [INFO] application.secretaria.atualizar_residentes_cc_usecase - residentes_cc: PIM lido de pim_corrente (76 linhas).
2026-05-19 09:06:19,680 [WARNING] application.secretaria.atualizar_residentes_cc_usecase - Conflitos F3M ↔ SQLite (1): nr=626 numero_socio='15-05-2026'≠'3483'
2026-05-19 09:06:19,697 [INFO] application.secretaria.atualizar_residentes_cc_usecase - residentes_cc atualizado: 91 registos | sem_pim=16 | sem_quota=66 | conflitos=1
2026-05-19 09:06:19,697 [INFO] presentation.secretaria.secretaria_controller - CC actualizado: 91 registo(s) | sem_pim=16 | sem_quota=66 | conflitos=1
2026-05-19 09:18:30,634 [INFO] infrastructure.persistence.secretaria.candidatos_repository - residentes_candidatos: tabela verificada/criada.
2026-05-19 09:25:58,997 [INFO] infrastructure.persistence.secretaria.candidatos_repository - residentes_candidatos: tabela verificada/criada.
2026-05-19 09:28:13,817 [INFO] application.secretaria.atualizar_residentes_cc_usecase - residentes_cc: PIM lido de pim_corrente (76 linhas).
2026-05-19 09:28:14,374 [INFO] application.secretaria.atualizar_residentes_cc_usecase - residentes_cc atualizado: 91 registos | sem_pim=16 | sem_quota=66 | conflitos=0
2026-05-19 09:28:14,374 [INFO] presentation.secretaria.secretaria_controller - CC actualizado: 91 registo(s) | sem_pim=16 | sem_quota=66 | conflitos=0
2026-05-19 10:25:30,166 [INFO] infrastructure.persistence.secretaria.candidatos_repository - residentes_candidatos: tabela verificada/criada.
2026-05-19 10:26:55,925 [INFO] application.secretaria.tesouraria_service - ✅ Inflow atualizado: 3428 → 3429 registos
2026-05-19 10:26:57,125 [INFO] root - Foram encontrados 1 novos movimentos.
2026-05-19 10:26:57,125 [INFO] root - Concluído
Movimentos aplicados. Recibos preparados para envio posterior.
2026-05-19 10:47:24,509 [INFO] infrastructure.persistence.secretaria.candidatos_repository - residentes_candidatos: tabela verificada/criada.
